../Drivers/CMSIS/Include/core_cm4.h:2059:26:ITM_SendChar	16	static,ignoring_inline_asm
../Core/Src/main.c:64:5:_write	32	static
../Core/Src/main.c:77:5:main	8	static
../Core/Src/main.c:105:6:TIM2_IRQHandler	4	static
../Core/Src/main.c:116:6:LPTIM1_IRQHandler	4	static
../Core/Src/main.c:137:6:privtag_run	128	static,ignoring_inline_asm
../Core/Src/main.c:319:6:SystemClock_LowPower_Config	96	static
../Core/Src/main.c:361:6:SystemClock_FullSpeed_Config	96	static
../Core/Src/main.c:410:6:SystemClock_Config	96	static
../Core/Src/main.c:456:13:MX_SPI3_Init	8	static
../Core/Src/main.c:496:13:MX_GPIO_Init	48	static
../Core/Src/main.c:555:6:Error_Handler	4	static,ignoring_inline_asm
