../Drivers/CMSIS/Include/core_cm4.h:2059:26:ITM_SendChar	16	static,ignoring_inline_asm
../Core/Src/main.c:66:5:_write	32	static
../Core/Src/main.c:80:5:main	8	static
../Core/Src/main.c:121:6:TIM2_IRQHandler	4	static
../Core/Src/main.c:129:9:get_led_bits	16	static
../Core/Src/main.c:135:6:privtag_run	136	static
../Core/Src/main.c:342:6:SystemClock_Config	96	static
../Core/Src/main.c:388:13:MX_SPI3_Init	8	static
../Core/Src/main.c:428:13:MX_GPIO_Init	48	static
../Core/Src/main.c:487:6:Error_Handler	4	static,ignoring_inline_asm
